// Jest Snapshot v1, https://goo.gl/fbAQLP

exports[`Test ListEmptyComponent Should match snapshot 1`] = `
<Text
  style={
    Object {
      "color": "rgb(28, 28, 30)",
      "fontSize": 16,
      "fontWeight": "700",
      "textAlign": "center",
    }
  }
>
  Text
</Text>
`;
