// Jest Snapshot v1, https://goo.gl/fbAQLP

exports[`Test SavedNewsItem Should match snapshot 1`] = `
<View
  accessible={true}
  collapsable={false}
  focusable={true}
  onBlur={[Function]}
  onClick={[Function]}
  onFocus={[Function]}
  onResponderGrant={[Function]}
  onResponderMove={[Function]}
  onResponderRelease={[Function]}
  onResponderTerminate={[Function]}
  onResponderTerminationRequest={[Function]}
  onStartShouldSetResponder={[Function]}
  style={
    Object {
      "backgroundColor": "rgb(255, 255, 255)",
    }
  }
>
  <View
    style={
      Object {
        "flex": 1,
        "flexDirection": "row",
        "paddingHorizontal": 12,
        "paddingVertical": 16,
        "width": 750,
      }
    }
  >
    <View
      style={
        Object {
          "flex": 1,
        }
      }
    >
      <Text
        style={
          Object {
            "color": "rgb(28, 28, 30)",
            "fontWeight": "700",
            "paddingBottom": 4,
          }
        }
      >
        title
      </Text>
      <Text
        style={
          Object {
            "color": "rgb(28, 28, 30)",
            "paddingBottom": 6,
          }
        }
      >
        description
      </Text>
      <Text
        style={
          Object {
            "color": "rgb(28, 28, 30)",
            "fontSize": 12,
          }
        }
      >
        04/04/2022, 19:00
      </Text>
    </View>
    <View
      style={
        Object {
          "paddingLeft": 4,
        }
      }
    >
      <Image
        resizeMode="cover"
        source={
          Object {
            "uri": "imageUrl",
          }
        }
        style={
          Object {
            "backgroundColor": "rgba(0, 0, 0, 0.1)",
            "borderRadius": 8,
            "height": 100,
            "marginLeft": 4,
            "marginTop": 6,
            "width": 100,
          }
        }
      />
    </View>
  </View>
</View>
`;
