// Jest Snapshot v1, https://goo.gl/fbAQLP

exports[`Test SettingsSectionItem Should match snapshot 1`] = `
<View
  accessible={true}
  collapsable={false}
  focusable={true}
  onBlur={[Function]}
  onClick={[Function]}
  onFocus={[Function]}
  onResponderGrant={[Function]}
  onResponderMove={[Function]}
  onResponderRelease={[Function]}
  onResponderTerminate={[Function]}
  onResponderTerminationRequest={[Function]}
  onStartShouldSetResponder={[Function]}
  style={
    Object {
      "backgroundColor": "rgb(255, 255, 255)",
      "padding": 16,
    }
  }
>
  <Text>
    Theme
  </Text>
</View>
`;
